2026/08/18 11:07:43 配置模式：数据库（Turso），支持页面配置 + 热加载
2026/08/18 11:07:43 edge-balancer 启动，监听 :6705，站点 2 个
2026/08/18 11:07:43   站点: panhub.shenzjd.com               策略 least-conn 上游 2 个
2026/08/18 11:07:43     上游: cf-worker        -> https://panhub-shenzjd-com.shenzjd.workers.dev/（权重 1）
2026/08/18 11:07:43     上游: docker           -> http://127.0.0.1:5253（权重 1）
2026/08/18 11:07:43   站点: parse.shenzjd.com                策略 least-conn 上游 2 个
2026/08/18 11:07:43     上游: cf-worker        -> https://parse-shenzjd-com.shenzjd.workers.dev/（权重 1）
2026/08/18 11:07:43     上游: docker           -> http://127.0.0.1:5269（权重 1）
2026/08/18 11:18:58 转发 panhub.shenzjd.com/cf-worker 失败: http2: invalid Host header
2026/08/18 11:18:58 转发 panhub.shenzjd.com/cf-worker 失败: http2: invalid Host header
2026/08/18 11:19:00 转发 panhub.shenzjd.com/cf-worker 失败: http2: invalid Host header
2026/08/18 11:19:00 转发 panhub.shenzjd.com/cf-worker 失败: http2: invalid Host header
2026/08/18 11:19:01 转发 panhub.shenzjd.com/cf-worker 失败: http2: invalid Host header
2026/08/18 11:19:01 转发 panhub.shenzjd.com/cf-worker 失败: http2: invalid Host header
2026/08/18 11:19:01 转发 panhub.shenzjd.com/cf-worker 失败: http2: invalid Host header
2026/08/18 11:19:02 转发 panhub.shenzjd.com/cf-worker 失败: http2: invalid Host header
2026/08/18 11:19:02 转发 panhub.shenzjd.com/cf-worker 失败: http2: invalid Host header
2026/08/18 11:19:02 转发 panhub.shenzjd.com/cf-worker 失败: http2: invalid Host header
2026/08/18 11:19:02 转发 panhub.shenzjd.com/cf-worker 失败: http2: invalid Host header
2026/08/18 11:19:03 转发 panhub.shenzjd.com/cf-worker 失败: http2: invalid Host header
2026/08/18 11:19:03 转发 panhub.shenzjd.com/cf-worker 失败: http2: invalid Host header
2026/08/18 11:19:03 转发 panhub.shenzjd.com/cf-worker 失败: http2: invalid Host header
2026/08/18 11:19:03 转发 panhub.shenzjd.com/cf-worker 失败: http2: invalid Host header
2026/08/18 11:19:03 转发 panhub.shenzjd.com/cf-worker 失败: http2: invalid Host header
2026/08/18 11:19:04 转发 panhub.shenzjd.com/cf-worker 失败: http2: invalid Host header
2026/08/18 11:19:05 转发 panhub.shenzjd.com/cf-worker 失败: http2: invalid Host header
2026/08/18 11:19:06 转发 panhub.shenzjd.com/cf-worker 失败: http2: invalid Host header
2026/08/18 11:19:06 转发 panhub.shenzjd.com/cf-worker 失败: http2: invalid Host header
2026/08/18 11:19:07 转发 panhub.shenzjd.com/cf-worker 失败: http2: invalid Host header
2026/08/18 11:19:08 转发 panhub.shenzjd.com/cf-worker 失败: http2: invalid Host header
2026/08/18 11:19:09 转发 panhub.shenzjd.com/cf-worker 失败: http2: invalid Host header
2026/08/18 11:19:09 转发 panhub.shenzjd.com/cf-worker 失败: http2: invalid Host header
2026/08/18 11:19:10 转发 panhub.shenzjd.com/cf-worker 失败: http2: invalid Host header
2026/08/18 11:19:11 转发 panhub.shenzjd.com/cf-worker 失败: http2: invalid Host header
2026/08/18 11:19:11 转发 panhub.shenzjd.com/cf-worker 失败: http2: invalid Host header
2026/08/18 11:19:11 转发 panhub.shenzjd.com/cf-worker 失败: http2: invalid Host header
2026/08/18 11:19:12 转发 panhub.shenzjd.com/cf-worker 失败: http2: invalid Host header
2026/08/18 11:19:12 转发 panhub.shenzjd.com/cf-worker 失败: http2: invalid Host header
2026/08/18 11:19:12 转发 panhub.shenzjd.com/cf-worker 失败: http2: invalid Host header
2026/08/18 11:19:12 转发 panhub.shenzjd.com/cf-worker 失败: http2: invalid Host header
2026/08/18 11:19:12 转发 panhub.shenzjd.com/cf-worker 失败: http2: invalid Host header
2026/08/18 11:19:12 转发 panhub.shenzjd.com/cf-worker 失败: http2: invalid Host header
2026/08/18 11:19:12 转发 panhub.shenzjd.com/cf-worker 失败: http2: invalid Host header
2026/08/18 11:19:12 转发 panhub.shenzjd.com/cf-worker 失败: http2: invalid Host header
2026/08/18 11:19:12 转发 panhub.shenzjd.com/cf-worker 失败: http2: invalid Host header
2026/08/18 11:19:12 转发 panhub.shenzjd.com/cf-worker 失败: http2: invalid Host header
2026/08/18 11:19:13 转发 panhub.shenzjd.com/cf-worker 失败: http2: invalid Host header
2026/08/18 11:19:13 转发 panhub.shenzjd.com/cf-worker 失败: http2: invalid Host header
2026/08/18 11:19:13 转发 panhub.shenzjd.com/cf-worker 失败: http2: invalid Host header
2026/08/18 11:19:13 转发 panhub.shenzjd.com/cf-worker 失败: http2: invalid Host header
2026/08/18 11:19:13 转发 panhub.shenzjd.com/cf-worker 失败: http2: invalid Host header
2026/08/18 11:19:13 转发 panhub.shenzjd.com/cf-worker 失败: http2: invalid Host header
2026/08/18 11:19:13 转发 panhub.shenzjd.com/cf-worker 失败: http2: invalid Host header
2026/08/18 11:19:13 转发 panhub.shenzjd.com/cf-worker 失败: http2: invalid Host header
2026/08/18 11:19:13 转发 panhub.shenzjd.com/cf-worker 失败: http2: invalid Host header
2026/08/18 11:19:13 转发 panhub.shenzjd.com/cf-worker 失败: http2: invalid Host header
2026/08/18 11:19:13 转发 panhub.shenzjd.com/cf-worker 失败: http2: invalid Host header
2026/08/18 11:19:13 转发 panhub.shenzjd.com/cf-worker 失败: http2: invalid Host header
2026/08/18 11:19:13 转发 panhub.shenzjd.com/cf-worker 失败: http2: invalid Host header
2026/08/18 11:19:13 转发 panhub.shenzjd.com/cf-worker 失败: http2: invalid Host header
2026/08/18 11:19:14 转发 panhub.shenzjd.com/cf-worker 失败: http2: invalid Host header
2026/08/18 11:19:14 转发 panhub.shenzjd.com/cf-worker 失败: http2: invalid Host header
2026/08/18 11:19:14 转发 panhub.shenzjd.com/cf-worker 失败: http2: invalid Host header
2026/08/18 11:19:14 转发 panhub.shenzjd.com/cf-worker 失败: http2: invalid Host header
2026/08/18 11:19:14 转发 panhub.shenzjd.com/cf-worker 失败: http2: invalid Host header
2026/08/18 11:19:14 转发 panhub.shenzjd.com/cf-worker 失败: http2: invalid Host header
2026/08/18 11:19:14 转发 panhub.shenzjd.com/cf-worker 失败: http2: invalid Host header
2026/08/18 11:19:14 转发 panhub.shenzjd.com/cf-worker 失败: http2: invalid Host header
2026/08/18 11:19:15 转发 panhub.shenzjd.com/cf-worker 失败: http2: invalid Host header
2026/08/18 11:19:15 转发 panhub.shenzjd.com/cf-worker 失败: http2: invalid Host header
2026/08/18 11:19:15 转发 panhub.shenzjd.com/cf-worker 失败: http2: invalid Host header
2026/08/18 11:19:15 转发 panhub.shenzjd.com/cf-worker 失败: http2: invalid Host header
2026/08/18 11:19:15 转发 panhub.shenzjd.com/cf-worker 失败: http2: invalid Host header
2026/08/18 11:19:15 转发 panhub.shenzjd.com/cf-worker 失败: http2: invalid Host header
2026/08/18 11:19:15 转发 panhub.shenzjd.com/cf-worker 失败: http2: invalid Host header
2026/08/18 11:19:15 转发 panhub.shenzjd.com/cf-worker 失败: http2: invalid Host header
2026/08/18 11:19:15 转发 panhub.shenzjd.com/cf-worker 失败: http2: invalid Host header
2026/08/18 11:19:15 转发 panhub.shenzjd.com/cf-worker 失败: http2: invalid Host header
2026/08/18 11:19:15 转发 panhub.shenzjd.com/cf-worker 失败: http2: invalid Host header
2026/08/18 11:19:15 转发 panhub.shenzjd.com/cf-worker 失败: http2: invalid Host header
2026/08/18 11:19:15 转发 panhub.shenzjd.com/cf-worker 失败: http2: invalid Host header
2026/08/18 11:19:15 转发 panhub.shenzjd.com/cf-worker 失败: http2: invalid Host header
2026/08/18 11:19:15 转发 panhub.shenzjd.com/cf-worker 失败: http2: invalid Host header
2026/08/18 11:19:16 转发 panhub.shenzjd.com/cf-worker 失败: http2: invalid Host header
2026/08/18 11:19:16 转发 panhub.shenzjd.com/cf-worker 失败: http2: invalid Host header
2026/08/18 11:19:16 转发 panhub.shenzjd.com/cf-worker 失败: http2: invalid Host header
2026/08/18 11:19:16 转发 panhub.shenzjd.com/cf-worker 失败: http2: invalid Host header
2026/08/18 11:19:16 转发 panhub.shenzjd.com/cf-worker 失败: http2: invalid Host header
2026/08/18 11:19:16 转发 panhub.shenzjd.com/cf-worker 失败: http2: invalid Host header
2026/08/18 11:19:16 转发 panhub.shenzjd.com/cf-worker 失败: http2: invalid Host header
2026/08/18 11:19:16 转发 panhub.shenzjd.com/cf-worker 失败: http2: invalid Host header
2026/08/18 11:19:16 转发 panhub.shenzjd.com/cf-worker 失败: http2: invalid Host header
2026/08/18 11:19:16 转发 panhub.shenzjd.com/cf-worker 失败: http2: invalid Host header
2026/08/18 11:19:16 转发 panhub.shenzjd.com/cf-worker 失败: http2: invalid Host header
2026/08/18 11:19:16 转发 panhub.shenzjd.com/cf-worker 失败: http2: invalid Host header
2026/08/18 11:19:16 转发 panhub.shenzjd.com/cf-worker 失败: http2: invalid Host header
2026/08/18 11:19:16 转发 panhub.shenzjd.com/cf-worker 失败: http2: invalid Host header
2026/08/18 11:19:16 转发 panhub.shenzjd.com/cf-worker 失败: http2: invalid Host header
2026/08/18 11:19:17 转发 panhub.shenzjd.com/cf-worker 失败: http2: invalid Host header
2026/08/18 11:19:17 转发 panhub.shenzjd.com/cf-worker 失败: http2: invalid Host header
2026/08/18 11:19:17 转发 panhub.shenzjd.com/cf-worker 失败: http2: invalid Host header
2026/08/18 11:19:17 转发 panhub.shenzjd.com/cf-worker 失败: http2: invalid Host header
2026/08/18 11:19:17 转发 panhub.shenzjd.com/cf-worker 失败: http2: invalid Host header
2026/08/18 11:19:17 转发 panhub.shenzjd.com/cf-worker 失败: http2: invalid Host header
2026/08/18 11:19:17 转发 panhub.shenzjd.com/cf-worker 失败: http2: invalid Host header
2026/08/18 11:19:17 转发 panhub.shenzjd.com/cf-worker 失败: http2: invalid Host header
2026/08/18 11:19:17 转发 panhub.shenzjd.com/cf-worker 失败: http2: invalid Host header
2026/08/18 11:19:17 转发 panhub.shenzjd.com/cf-worker 失败: http2: invalid Host header
2026/08/18 11:19:17 转发 panhub.shenzjd.com/cf-worker 失败: http2: invalid Host header
2026/08/18 11:19:18 转发 panhub.shenzjd.com/cf-worker 失败: http2: invalid Host header
2026/08/18 11:19:18 转发 panhub.shenzjd.com/cf-worker 失败: http2: invalid Host header
2026/08/18 11:19:18 转发 panhub.shenzjd.com/cf-worker 失败: http2: invalid Host header
2026/08/18 11:19:18 转发 panhub.shenzjd.com/cf-worker 失败: http2: invalid Host header
2026/08/18 11:19:18 转发 panhub.shenzjd.com/cf-worker 失败: http2: invalid Host header
2026/08/18 11:19:18 转发 panhub.shenzjd.com/cf-worker 失败: http2: invalid Host header
2026/08/18 11:19:18 转发 panhub.shenzjd.com/cf-worker 失败: http2: invalid Host header
2026/08/18 11:19:18 转发 panhub.shenzjd.com/cf-worker 失败: http2: invalid Host header
2026/08/18 11:19:18 转发 panhub.shenzjd.com/cf-worker 失败: http2: invalid Host header
2026/08/18 11:19:18 转发 panhub.shenzjd.com/cf-worker 失败: http2: invalid Host header
2026/08/18 11:19:18 转发 panhub.shenzjd.com/cf-worker 失败: http2: invalid Host header
2026/08/18 11:19:19 转发 panhub.shenzjd.com/cf-worker 失败: http2: invalid Host header
2026/08/18 11:19:19 转发 panhub.shenzjd.com/cf-worker 失败: http2: invalid Host header
2026/08/18 11:19:19 转发 panhub.shenzjd.com/cf-worker 失败: http2: invalid Host header
2026/08/18 11:19:19 转发 panhub.shenzjd.com/cf-worker 失败: http2: invalid Host header
2026/08/18 11:19:19 转发 panhub.shenzjd.com/cf-worker 失败: http2: invalid Host header
2026/08/18 11:19:19 转发 panhub.shenzjd.com/cf-worker 失败: http2: invalid Host header
2026/08/18 11:19:19 转发 panhub.shenzjd.com/cf-worker 失败: http2: invalid Host header
2026/08/18 11:19:19 转发 panhub.shenzjd.com/cf-worker 失败: http2: invalid Host header
2026/08/18 11:19:19 转发 panhub.shenzjd.com/cf-worker 失败: http2: invalid Host header
2026/08/18 11:19:20 转发 panhub.shenzjd.com/cf-worker 失败: http2: invalid Host header
2026/08/18 11:19:20 转发 panhub.shenzjd.com/cf-worker 失败: http2: invalid Host header
2026/08/18 11:19:20 转发 panhub.shenzjd.com/cf-worker 失败: http2: invalid Host header
2026/08/18 11:19:20 转发 panhub.shenzjd.com/cf-worker 失败: http2: invalid Host header
2026/08/18 11:19:20 转发 panhub.shenzjd.com/cf-worker 失败: http2: invalid Host header
2026/08/18 11:19:20 转发 panhub.shenzjd.com/cf-worker 失败: http2: invalid Host header
2026/08/18 11:19:20 转发 panhub.shenzjd.com/cf-worker 失败: http2: invalid Host header
2026/08/18 11:19:20 转发 panhub.shenzjd.com/cf-worker 失败: http2: invalid Host header
2026/08/18 11:19:20 转发 panhub.shenzjd.com/cf-worker 失败: http2: invalid Host header
2026/08/18 11:19:21 转发 panhub.shenzjd.com/cf-worker 失败: http2: invalid Host header
2026/08/18 11:19:21 转发 panhub.shenzjd.com/cf-worker 失败: http2: invalid Host header
2026/08/18 11:19:21 转发 panhub.shenzjd.com/cf-worker 失败: http2: invalid Host header
2026/08/18 11:19:21 转发 panhub.shenzjd.com/cf-worker 失败: http2: invalid Host header
2026/08/18 11:19:21 转发 panhub.shenzjd.com/cf-worker 失败: http2: invalid Host header
2026/08/18 11:19:21 转发 panhub.shenzjd.com/cf-worker 失败: http2: invalid Host header
2026/08/18 11:19:21 转发 panhub.shenzjd.com/cf-worker 失败: http2: invalid Host header
2026/08/18 11:19:21 转发 panhub.shenzjd.com/cf-worker 失败: http2: invalid Host header
2026/08/18 11:19:21 转发 panhub.shenzjd.com/cf-worker 失败: http2: invalid Host header
2026/08/18 11:19:22 转发 panhub.shenzjd.com/cf-worker 失败: http2: invalid Host header
2026/08/18 11:19:22 转发 panhub.shenzjd.com/cf-worker 失败: http2: invalid Host header
2026/08/18 11:19:22 转发 panhub.shenzjd.com/cf-worker 失败: http2: invalid Host header
2026/08/18 11:19:22 转发 panhub.shenzjd.com/cf-worker 失败: http2: invalid Host header
2026/08/18 11:19:22 转发 panhub.shenzjd.com/cf-worker 失败: http2: invalid Host header
2026/08/18 11:19:22 转发 panhub.shenzjd.com/cf-worker 失败: http2: invalid Host header
2026/08/18 11:19:22 转发 panhub.shenzjd.com/cf-worker 失败: http2: invalid Host header
2026/08/18 11:19:22 转发 panhub.shenzjd.com/cf-worker 失败: http2: invalid Host header
2026/08/18 11:19:23 转发 panhub.shenzjd.com/cf-worker 失败: http2: invalid Host header
2026/08/18 11:19:23 转发 panhub.shenzjd.com/cf-worker 失败: http2: invalid Host header
2026/08/18 11:19:23 转发 panhub.shenzjd.com/cf-worker 失败: http2: invalid Host header
2026/08/18 11:19:23 转发 panhub.shenzjd.com/cf-worker 失败: http2: invalid Host header
2026/08/18 11:19:23 转发 panhub.shenzjd.com/cf-worker 失败: http2: invalid Host header
2026/08/18 11:19:23 转发 panhub.shenzjd.com/cf-worker 失败: http2: invalid Host header
2026/08/18 11:19:24 转发 panhub.shenzjd.com/cf-worker 失败: http2: invalid Host header
2026/08/18 11:19:24 转发 panhub.shenzjd.com/cf-worker 失败: http2: invalid Host header
2026/08/18 11:19:24 转发 panhub.shenzjd.com/cf-worker 失败: http2: invalid Host header
2026/08/18 11:19:24 转发 panhub.shenzjd.com/cf-worker 失败: http2: invalid Host header
2026/08/18 11:19:25 转发 panhub.shenzjd.com/cf-worker 失败: http2: invalid Host header
2026/08/18 11:19:26 转发 panhub.shenzjd.com/cf-worker 失败: http2: invalid Host header
2026/08/18 11:19:26 转发 panhub.shenzjd.com/cf-worker 失败: http2: invalid Host header
2026/08/18 11:19:26 转发 panhub.shenzjd.com/cf-worker 失败: http2: invalid Host header
2026/08/18 11:19:26 转发 panhub.shenzjd.com/cf-worker 失败: http2: invalid Host header
2026/08/18 11:19:26 转发 panhub.shenzjd.com/cf-worker 失败: http2: invalid Host header
2026/08/18 11:19:26 转发 panhub.shenzjd.com/cf-worker 失败: http2: invalid Host header
2026/08/18 11:19:26 转发 panhub.shenzjd.com/cf-worker 失败: http2: invalid Host header
2026/08/18 11:19:26 转发 panhub.shenzjd.com/cf-worker 失败: http2: invalid Host header
2026/08/18 11:19:27 转发 panhub.shenzjd.com/cf-worker 失败: http2: invalid Host header
2026/08/18 11:19:27 转发 panhub.shenzjd.com/cf-worker 失败: http2: invalid Host header
2026/08/18 11:19:27 转发 panhub.shenzjd.com/cf-worker 失败: http2: invalid Host header
2026/08/18 11:19:27 转发 panhub.shenzjd.com/cf-worker 失败: http2: invalid Host header
2026/08/18 11:19:27 转发 panhub.shenzjd.com/cf-worker 失败: http2: invalid Host header
2026/08/18 11:19:27 转发 panhub.shenzjd.com/cf-worker 失败: http2: invalid Host header
2026/08/18 11:19:27 转发 panhub.shenzjd.com/cf-worker 失败: http2: invalid Host header
2026/08/18 11:19:27 转发 panhub.shenzjd.com/cf-worker 失败: http2: invalid Host header
2026/08/18 11:19:27 转发 panhub.shenzjd.com/cf-worker 失败: http2: invalid Host header
2026/08/18 11:19:27 转发 panhub.shenzjd.com/cf-worker 失败: http2: invalid Host header
2026/08/18 11:19:28 转发 panhub.shenzjd.com/cf-worker 失败: http2: invalid Host header
2026/08/18 11:19:28 转发 panhub.shenzjd.com/cf-worker 失败: http2: invalid Host header
2026/08/18 11:19:28 转发 panhub.shenzjd.com/cf-worker 失败: http2: invalid Host header
2026/08/18 11:19:28 转发 panhub.shenzjd.com/cf-worker 失败: http2: invalid Host header
2026/08/18 11:19:28 转发 panhub.shenzjd.com/cf-worker 失败: http2: invalid Host header
2026/08/18 11:19:28 转发 panhub.shenzjd.com/cf-worker 失败: http2: invalid Host header
2026/08/18 11:19:28 转发 panhub.shenzjd.com/cf-worker 失败: http2: invalid Host header
2026/08/18 11:19:28 转发 panhub.shenzjd.com/cf-worker 失败: http2: invalid Host header
2026/08/18 11:19:28 转发 panhub.shenzjd.com/cf-worker 失败: http2: invalid Host header
2026/08/18 11:19:28 转发 panhub.shenzjd.com/cf-worker 失败: http2: invalid Host header
2026/08/18 11:19:28 转发 panhub.shenzjd.com/cf-worker 失败: http2: invalid Host header
2026/08/18 11:19:29 转发 panhub.shenzjd.com/cf-worker 失败: http2: invalid Host header
2026/08/18 11:19:29 转发 panhub.shenzjd.com/cf-worker 失败: http2: invalid Host header
2026/08/18 11:19:29 转发 panhub.shenzjd.com/cf-worker 失败: http2: invalid Host header
2026/08/18 11:19:29 转发 panhub.shenzjd.com/cf-worker 失败: http2: invalid Host header
2026/08/18 11:19:29 转发 panhub.shenzjd.com/cf-worker 失败: http2: invalid Host header
2026/08/18 11:19:29 转发 panhub.shenzjd.com/cf-worker 失败: http2: invalid Host header
2026/08/18 11:19:29 转发 panhub.shenzjd.com/cf-worker 失败: http2: invalid Host header
2026/08/18 11:19:29 转发 panhub.shenzjd.com/cf-worker 失败: http2: invalid Host header
2026/08/18 11:19:29 转发 panhub.shenzjd.com/cf-worker 失败: http2: invalid Host header
2026/08/18 11:19:29 转发 panhub.shenzjd.com/cf-worker 失败: http2: invalid Host header
2026/08/18 11:19:29 转发 panhub.shenzjd.com/cf-worker 失败: http2: invalid Host header
2026/08/18 11:19:29 转发 panhub.shenzjd.com/cf-worker 失败: http2: invalid Host header
2026/08/18 11:19:30 转发 panhub.shenzjd.com/cf-worker 失败: http2: invalid Host header
2026/08/18 11:19:30 转发 panhub.shenzjd.com/cf-worker 失败: http2: invalid Host header
2026/08/18 11:19:30 转发 panhub.shenzjd.com/cf-worker 失败: http2: invalid Host header
2026/08/18 11:19:30 转发 panhub.shenzjd.com/cf-worker 失败: http2: invalid Host header
2026/08/18 11:19:30 转发 panhub.shenzjd.com/cf-worker 失败: http2: invalid Host header
2026/08/18 11:19:30 转发 panhub.shenzjd.com/cf-worker 失败: http2: invalid Host header
2026/08/18 11:19:30 转发 panhub.shenzjd.com/cf-worker 失败: http2: invalid Host header
2026/08/18 11:19:30 转发 panhub.shenzjd.com/cf-worker 失败: http2: invalid Host header
2026/08/18 11:19:30 转发 panhub.shenzjd.com/cf-worker 失败: http2: invalid Host header
2026/08/18 11:19:30 转发 panhub.shenzjd.com/cf-worker 失败: http2: invalid Host header
2026/08/18 11:19:30 转发 panhub.shenzjd.com/cf-worker 失败: http2: invalid Host header
2026/08/18 11:19:30 转发 panhub.shenzjd.com/cf-worker 失败: http2: invalid Host header
2026/08/18 11:19:31 转发 panhub.shenzjd.com/cf-worker 失败: http2: invalid Host header
2026/08/18 11:19:31 转发 panhub.shenzjd.com/cf-worker 失败: http2: invalid Host header
2026/08/18 11:19:31 转发 panhub.shenzjd.com/cf-worker 失败: http2: invalid Host header
2026/08/18 11:19:31 转发 panhub.shenzjd.com/cf-worker 失败: http2: invalid Host header
2026/08/18 11:19:31 转发 panhub.shenzjd.com/cf-worker 失败: http2: invalid Host header
2026/08/18 11:19:31 转发 panhub.shenzjd.com/cf-worker 失败: http2: invalid Host header
2026/08/18 11:19:31 转发 panhub.shenzjd.com/cf-worker 失败: http2: invalid Host header
2026/08/18 11:19:31 转发 panhub.shenzjd.com/cf-worker 失败: http2: invalid Host header
2026/08/18 11:19:31 转发 panhub.shenzjd.com/cf-worker 失败: http2: invalid Host header
2026/08/18 11:19:32 转发 panhub.shenzjd.com/cf-worker 失败: http2: invalid Host header
2026/08/18 11:19:32 转发 panhub.shenzjd.com/cf-worker 失败: http2: invalid Host header
2026/08/18 11:19:32 转发 panhub.shenzjd.com/cf-worker 失败: http2: invalid Host header
2026/08/18 11:19:33 转发 panhub.shenzjd.com/cf-worker 失败: http2: invalid Host header
2026/08/18 11:19:34 转发 panhub.shenzjd.com/cf-worker 失败: http2: invalid Host header
2026/08/18 11:19:34 转发 panhub.shenzjd.com/cf-worker 失败: http2: invalid Host header
2026/08/18 11:19:35 转发 panhub.shenzjd.com/cf-worker 失败: http2: invalid Host header
2026/08/18 11:19:37 转发 panhub.shenzjd.com/cf-worker 失败: http2: invalid Host header
2026/08/18 11:19:37 转发 panhub.shenzjd.com/cf-worker 失败: http2: invalid Host header
2026/08/18 11:19:37 转发 panhub.shenzjd.com/cf-worker 失败: http2: invalid Host header
2026/08/18 11:19:37 转发 panhub.shenzjd.com/cf-worker 失败: http2: invalid Host header
2026/08/18 11:19:39 转发 panhub.shenzjd.com/cf-worker 失败: http2: invalid Host header
2026/08/18 11:19:39 转发 panhub.shenzjd.com/cf-worker 失败: http2: invalid Host header
2026/08/18 11:19:40 转发 panhub.shenzjd.com/cf-worker 失败: http2: invalid Host header
2026/08/18 11:19:42 转发 panhub.shenzjd.com/cf-worker 失败: http2: invalid Host header
2026/08/18 11:19:42 转发 panhub.shenzjd.com/cf-worker 失败: http2: invalid Host header
2026/08/18 11:19:44 转发 panhub.shenzjd.com/cf-worker 失败: http2: invalid Host header
2026/08/18 11:19:44 转发 panhub.shenzjd.com/cf-worker 失败: http2: invalid Host header
2026/08/18 11:19:45 转发 panhub.shenzjd.com/cf-worker 失败: http2: invalid Host header
2026/08/18 11:19:46 转发 panhub.shenzjd.com/cf-worker 失败: http2: invalid Host header
2026/08/18 11:19:47 转发 panhub.shenzjd.com/cf-worker 失败: http2: invalid Host header
2026/08/18 11:19:47 转发 panhub.shenzjd.com/cf-worker 失败: http2: invalid Host header
2026/08/18 11:19:49 转发 panhub.shenzjd.com/cf-worker 失败: http2: invalid Host header
2026/08/18 11:19:49 转发 panhub.shenzjd.com/cf-worker 失败: http2: invalid Host header
2026/08/18 11:19:49 转发 panhub.shenzjd.com/cf-worker 失败: http2: invalid Host header
2026/08/18 11:19:50 转发 panhub.shenzjd.com/cf-worker 失败: http2: invalid Host header
2026/08/18 11:19:51 转发 panhub.shenzjd.com/cf-worker 失败: http2: invalid Host header
2026/08/18 11:19:52 转发 panhub.shenzjd.com/cf-worker 失败: http2: invalid Host header
2026/08/18 11:19:53 转发 panhub.shenzjd.com/cf-worker 失败: http2: invalid Host header
2026/08/18 11:19:54 转发 panhub.shenzjd.com/cf-worker 失败: http2: invalid Host header
2026/08/18 11:19:55 转发 panhub.shenzjd.com/cf-worker 失败: http2: invalid Host header
2026/08/18 11:19:56 转发 panhub.shenzjd.com/cf-worker 失败: http2: invalid Host header
2026/08/18 11:19:56 转发 panhub.shenzjd.com/cf-worker 失败: http2: invalid Host header
2026/08/18 11:19:57 转发 panhub.shenzjd.com/cf-worker 失败: http2: invalid Host header
2026/08/18 11:19:57 转发 panhub.shenzjd.com/cf-worker 失败: http2: invalid Host header
2026/08/18 11:19:59 转发 panhub.shenzjd.com/cf-worker 失败: http2: invalid Host header
2026/08/18 11:19:59 转发 panhub.shenzjd.com/cf-worker 失败: http2: invalid Host header
2026/08/18 11:20:00 转发 panhub.shenzjd.com/cf-worker 失败: http2: invalid Host header
2026/08/18 11:20:01 转发 panhub.shenzjd.com/cf-worker 失败: http2: invalid Host header
2026/08/18 11:20:02 转发 panhub.shenzjd.com/cf-worker 失败: http2: invalid Host header
2026/08/18 11:20:03 转发 panhub.shenzjd.com/cf-worker 失败: http2: invalid Host header
2026/08/18 11:20:03 转发 panhub.shenzjd.com/cf-worker 失败: http2: invalid Host header
2026/08/18 11:20:05 转发 panhub.shenzjd.com/cf-worker 失败: http2: invalid Host header
2026/08/18 11:20:05 转发 panhub.shenzjd.com/cf-worker 失败: http2: invalid Host header
2026/08/18 11:20:07 转发 panhub.shenzjd.com/cf-worker 失败: http2: invalid Host header
2026/08/18 11:20:07 转发 panhub.shenzjd.com/cf-worker 失败: http2: invalid Host header
2026/08/18 11:20:08 转发 panhub.shenzjd.com/cf-worker 失败: http2: invalid Host header
2026/08/18 11:20:09 转发 panhub.shenzjd.com/cf-worker 失败: http2: invalid Host header
2026/08/18 11:20:09 转发 panhub.shenzjd.com/cf-worker 失败: http2: invalid Host header
2026/08/18 11:20:09 转发 panhub.shenzjd.com/cf-worker 失败: http2: invalid Host header
2026/08/18 11:20:10 转发 panhub.shenzjd.com/cf-worker 失败: http2: invalid Host header
2026/08/18 11:20:13 转发 panhub.shenzjd.com/cf-worker 失败: http2: invalid Host header
2026/08/18 11:20:13 转发 panhub.shenzjd.com/cf-worker 失败: http2: invalid Host header
2026/08/18 11:20:13 转发 panhub.shenzjd.com/cf-worker 失败: http2: invalid Host header
2026/08/18 11:20:14 转发 panhub.shenzjd.com/cf-worker 失败: http2: invalid Host header
2026/08/18 11:20:14 转发 panhub.shenzjd.com/cf-worker 失败: http2: invalid Host header
2026/08/18 11:20:14 转发 panhub.shenzjd.com/cf-worker 失败: http2: invalid Host header
2026/08/18 11:20:14 转发 panhub.shenzjd.com/cf-worker 失败: http2: invalid Host header
2026/08/18 11:20:15 转发 panhub.shenzjd.com/cf-worker 失败: http2: invalid Host header
2026/08/18 11:20:16 转发 panhub.shenzjd.com/cf-worker 失败: http2: invalid Host header
2026/08/18 11:20:16 转发 panhub.shenzjd.com/cf-worker 失败: http2: invalid Host header
2026/08/18 11:20:18 转发 panhub.shenzjd.com/cf-worker 失败: http2: invalid Host header
2026/08/18 11:20:19 转发 panhub.shenzjd.com/cf-worker 失败: http2: invalid Host header
2026/08/18 11:20:21 转发 panhub.shenzjd.com/cf-worker 失败: http2: invalid Host header
2026/08/18 11:20:23 转发 panhub.shenzjd.com/cf-worker 失败: http2: invalid Host header
2026/08/18 11:20:25 转发 panhub.shenzjd.com/cf-worker 失败: http2: invalid Host header
2026/08/18 11:20:25 转发 panhub.shenzjd.com/cf-worker 失败: http2: invalid Host header
2026/08/18 11:20:26 转发 panhub.shenzjd.com/cf-worker 失败: http2: invalid Host header
2026/08/18 11:20:29 转发 panhub.shenzjd.com/cf-worker 失败: http2: invalid Host header
2026/08/18 11:20:29 转发 panhub.shenzjd.com/cf-worker 失败: http2: invalid Host header
2026/08/18 11:20:30 转发 panhub.shenzjd.com/cf-worker 失败: http2: invalid Host header
2026/08/18 11:20:30 转发 panhub.shenzjd.com/cf-worker 失败: http2: invalid Host header
2026/08/18 11:20:31 转发 panhub.shenzjd.com/cf-worker 失败: http2: invalid Host header
2026/08/18 11:20:32 转发 panhub.shenzjd.com/cf-worker 失败: http2: invalid Host header
2026/08/18 11:20:34 转发 panhub.shenzjd.com/cf-worker 失败: http2: invalid Host header
2026/08/18 11:20:34 转发 panhub.shenzjd.com/cf-worker 失败: http2: invalid Host header
2026/08/18 11:20:36 转发 panhub.shenzjd.com/cf-worker 失败: http2: invalid Host header
2026/08/18 11:20:37 转发 panhub.shenzjd.com/cf-worker 失败: http2: invalid Host header
2026/08/18 11:20:38 转发 panhub.shenzjd.com/cf-worker 失败: http2: invalid Host header
2026/08/18 11:20:39 转发 panhub.shenzjd.com/cf-worker 失败: http2: invalid Host header
2026/08/18 11:20:39 转发 panhub.shenzjd.com/cf-worker 失败: http2: invalid Host header
2026/08/18 11:20:41 转发 panhub.shenzjd.com/cf-worker 失败: http2: invalid Host header
2026/08/18 11:20:41 转发 panhub.shenzjd.com/cf-worker 失败: http2: invalid Host header
2026/08/18 11:20:42 转发 panhub.shenzjd.com/cf-worker 失败: http2: invalid Host header
2026/08/18 11:20:42 转发 panhub.shenzjd.com/cf-worker 失败: http2: invalid Host header
2026/08/18 11:20:42 转发 panhub.shenzjd.com/cf-worker 失败: http2: invalid Host header
2026/08/18 11:20:42 转发 panhub.shenzjd.com/cf-worker 失败: http2: invalid Host header
2026/08/18 11:20:42 转发 panhub.shenzjd.com/cf-worker 失败: http2: invalid Host header
2026/08/18 11:20:42 转发 panhub.shenzjd.com/cf-worker 失败: http2: invalid Host header
2026/08/18 11:20:43 转发 panhub.shenzjd.com/cf-worker 失败: http2: invalid Host header
2026/08/18 11:20:43 转发 panhub.shenzjd.com/cf-worker 失败: http2: invalid Host header
2026/08/18 11:20:43 转发 panhub.shenzjd.com/cf-worker 失败: http2: invalid Host header
2026/08/18 11:20:43 转发 panhub.shenzjd.com/cf-worker 失败: http2: invalid Host header
2026/08/18 11:20:43 转发 panhub.shenzjd.com/cf-worker 失败: http2: invalid Host header
2026/08/18 11:20:43 转发 panhub.shenzjd.com/cf-worker 失败: http2: invalid Host header
2026/08/18 11:20:44 转发 panhub.shenzjd.com/cf-worker 失败: http2: invalid Host header
2026/08/18 11:20:44 转发 panhub.shenzjd.com/cf-worker 失败: http2: invalid Host header
2026/08/18 11:20:44 转发 panhub.shenzjd.com/cf-worker 失败: http2: invalid Host header
2026/08/18 11:20:44 转发 panhub.shenzjd.com/cf-worker 失败: http2: invalid Host header
2026/08/18 11:20:44 转发 panhub.shenzjd.com/cf-worker 失败: http2: invalid Host header
2026/08/18 11:20:44 转发 panhub.shenzjd.com/cf-worker 失败: http2: invalid Host header
2026/08/18 11:20:44 转发 panhub.shenzjd.com/cf-worker 失败: http2: invalid Host header
2026/08/18 11:20:44 转发 panhub.shenzjd.com/cf-worker 失败: http2: invalid Host header
2026/08/18 11:20:45 转发 panhub.shenzjd.com/cf-worker 失败: http2: invalid Host header
2026/08/18 11:20:45 转发 panhub.shenzjd.com/cf-worker 失败: http2: invalid Host header
2026/08/18 11:20:45 转发 panhub.shenzjd.com/cf-worker 失败: http2: invalid Host header
2026/08/18 11:20:45 转发 panhub.shenzjd.com/cf-worker 失败: http2: invalid Host header
2026/08/18 11:20:45 转发 panhub.shenzjd.com/cf-worker 失败: http2: invalid Host header
2026/08/18 11:20:45 转发 panhub.shenzjd.com/cf-worker 失败: http2: invalid Host header
2026/08/18 11:20:46 转发 panhub.shenzjd.com/cf-worker 失败: http2: invalid Host header
2026/08/18 11:20:46 转发 panhub.shenzjd.com/cf-worker 失败: http2: invalid Host header
2026/08/18 11:20:46 转发 panhub.shenzjd.com/cf-worker 失败: http2: invalid Host header
2026/08/18 11:20:46 转发 panhub.shenzjd.com/cf-worker 失败: http2: invalid Host header
2026/08/18 11:20:46 转发 panhub.shenzjd.com/cf-worker 失败: http2: invalid Host header
2026/08/18 11:20:46 转发 panhub.shenzjd.com/cf-worker 失败: http2: invalid Host header
2026/08/18 11:20:46 转发 panhub.shenzjd.com/cf-worker 失败: http2: invalid Host header
2026/08/18 11:20:46 转发 panhub.shenzjd.com/cf-worker 失败: http2: invalid Host header
2026/08/18 11:20:47 转发 panhub.shenzjd.com/cf-worker 失败: http2: invalid Host header
2026/08/18 11:20:47 转发 panhub.shenzjd.com/cf-worker 失败: http2: invalid Host header
2026/08/18 11:20:47 转发 panhub.shenzjd.com/cf-worker 失败: http2: invalid Host header
2026/08/18 11:20:47 转发 panhub.shenzjd.com/cf-worker 失败: http2: invalid Host header
2026/08/18 11:20:47 转发 panhub.shenzjd.com/cf-worker 失败: http2: invalid Host header
2026/08/18 11:20:47 转发 panhub.shenzjd.com/cf-worker 失败: http2: invalid Host header
2026/08/18 11:20:47 转发 panhub.shenzjd.com/cf-worker 失败: http2: invalid Host header
2026/08/18 11:20:47 转发 panhub.shenzjd.com/cf-worker 失败: http2: invalid Host header
2026/08/18 11:20:47 转发 panhub.shenzjd.com/cf-worker 失败: http2: invalid Host header
2026/08/18 11:20:47 转发 panhub.shenzjd.com/cf-worker 失败: http2: invalid Host header
2026/08/18 11:20:48 转发 panhub.shenzjd.com/cf-worker 失败: http2: invalid Host header
2026/08/18 11:20:48 转发 panhub.shenzjd.com/cf-worker 失败: http2: invalid Host header
2026/08/18 11:20:48 转发 panhub.shenzjd.com/cf-worker 失败: http2: invalid Host header
2026/08/18 11:20:48 转发 panhub.shenzjd.com/cf-worker 失败: http2: invalid Host header
2026/08/18 11:20:48 转发 panhub.shenzjd.com/cf-worker 失败: http2: invalid Host header
2026/08/18 11:20:48 转发 panhub.shenzjd.com/cf-worker 失败: http2: invalid Host header
2026/08/18 11:20:48 转发 panhub.shenzjd.com/cf-worker 失败: http2: invalid Host header
2026/08/18 11:20:48 转发 panhub.shenzjd.com/cf-worker 失败: http2: invalid Host header
2026/08/18 11:20:49 转发 panhub.shenzjd.com/cf-worker 失败: http2: invalid Host header
2026/08/18 11:20:49 转发 panhub.shenzjd.com/cf-worker 失败: http2: invalid Host header
2026/08/18 11:20:49 转发 panhub.shenzjd.com/cf-worker 失败: http2: invalid Host header
2026/08/18 11:20:49 转发 panhub.shenzjd.com/cf-worker 失败: http2: invalid Host header
2026/08/18 11:20:49 转发 panhub.shenzjd.com/cf-worker 失败: http2: invalid Host header
2026/08/18 11:20:49 转发 panhub.shenzjd.com/cf-worker 失败: http2: invalid Host header
2026/08/18 11:20:50 转发 panhub.shenzjd.com/cf-worker 失败: http2: invalid Host header
2026/08/18 11:20:50 转发 panhub.shenzjd.com/cf-worker 失败: http2: invalid Host header
2026/08/18 11:20:50 转发 panhub.shenzjd.com/cf-worker 失败: http2: invalid Host header
2026/08/18 11:20:52 转发 panhub.shenzjd.com/cf-worker 失败: http2: invalid Host header
2026/08/18 11:20:53 转发 panhub.shenzjd.com/cf-worker 失败: http2: invalid Host header
2026/08/18 11:20:54 转发 panhub.shenzjd.com/cf-worker 失败: http2: invalid Host header
2026/08/18 11:20:54 转发 panhub.shenzjd.com/cf-worker 失败: http2: invalid Host header
2026/08/18 11:20:55 转发 panhub.shenzjd.com/cf-worker 失败: http2: invalid Host header
2026/08/18 11:20:55 转发 panhub.shenzjd.com/cf-worker 失败: http2: invalid Host header
2026/08/18 11:20:55 转发 panhub.shenzjd.com/cf-worker 失败: http2: invalid Host header
2026/08/18 11:20:56 转发 panhub.shenzjd.com/cf-worker 失败: http2: invalid Host header
2026/08/18 11:20:56 转发 panhub.shenzjd.com/cf-worker 失败: http2: invalid Host header
2026/08/18 11:20:59 转发 panhub.shenzjd.com/cf-worker 失败: http2: invalid Host header
2026/08/18 11:20:59 转发 panhub.shenzjd.com/cf-worker 失败: http2: invalid Host header
2026/08/18 11:20:59 转发 panhub.shenzjd.com/cf-worker 失败: http2: invalid Host header
2026/08/18 11:21:01 转发 panhub.shenzjd.com/cf-worker 失败: http2: invalid Host header
2026/08/18 11:21:01 转发 panhub.shenzjd.com/cf-worker 失败: http2: invalid Host header
2026/08/18 11:21:02 转发 panhub.shenzjd.com/cf-worker 失败: http2: invalid Host header
2026/08/18 11:21:02 转发 panhub.shenzjd.com/cf-worker 失败: http2: invalid Host header
2026/08/18 11:21:03 转发 panhub.shenzjd.com/cf-worker 失败: http2: invalid Host header
2026/08/18 11:21:04 转发 panhub.shenzjd.com/cf-worker 失败: http2: invalid Host header
2026/08/18 11:21:04 转发 panhub.shenzjd.com/cf-worker 失败: http2: invalid Host header
2026/08/18 11:21:05 转发 panhub.shenzjd.com/cf-worker 失败: http2: invalid Host header
2026/08/18 11:21:06 转发 panhub.shenzjd.com/cf-worker 失败: http2: invalid Host header
2026/08/18 11:21:06 转发 panhub.shenzjd.com/cf-worker 失败: http2: invalid Host header
2026/08/18 11:21:06 转发 panhub.shenzjd.com/cf-worker 失败: http2: invalid Host header
2026/08/18 11:21:06 转发 panhub.shenzjd.com/cf-worker 失败: http2: invalid Host header
2026/08/18 11:21:08 转发 panhub.shenzjd.com/cf-worker 失败: http2: invalid Host header
2026/08/18 11:21:08 转发 panhub.shenzjd.com/cf-worker 失败: http2: invalid Host header
2026/08/18 11:21:08 转发 panhub.shenzjd.com/cf-worker 失败: http2: invalid Host header
2026/08/18 11:21:09 转发 panhub.shenzjd.com/cf-worker 失败: http2: invalid Host header
2026/08/18 11:21:10 转发 panhub.shenzjd.com/cf-worker 失败: http2: invalid Host header
2026/08/18 11:21:10 转发 panhub.shenzjd.com/cf-worker 失败: http2: invalid Host header
2026/08/18 11:21:11 转发 panhub.shenzjd.com/cf-worker 失败: http2: invalid Host header
2026/08/18 11:21:12 转发 panhub.shenzjd.com/cf-worker 失败: http2: invalid Host header
2026/08/18 11:21:12 转发 panhub.shenzjd.com/cf-worker 失败: http2: invalid Host header
2026/08/18 11:21:13 转发 panhub.shenzjd.com/cf-worker 失败: http2: invalid Host header
2026/08/18 11:21:13 转发 panhub.shenzjd.com/cf-worker 失败: http2: invalid Host header
2026/08/18 11:21:14 转发 panhub.shenzjd.com/cf-worker 失败: http2: invalid Host header
2026/08/18 11:21:14 转发 panhub.shenzjd.com/cf-worker 失败: http2: invalid Host header
2026/08/18 11:21:15 转发 panhub.shenzjd.com/cf-worker 失败: http2: invalid Host header
2026/08/18 11:21:16 转发 panhub.shenzjd.com/cf-worker 失败: http2: invalid Host header
2026/08/18 11:21:17 转发 panhub.shenzjd.com/cf-worker 失败: http2: invalid Host header
2026/08/18 11:21:17 转发 panhub.shenzjd.com/cf-worker 失败: http2: invalid Host header
2026/08/18 11:21:18 转发 panhub.shenzjd.com/cf-worker 失败: http2: invalid Host header
2026/08/18 11:21:18 转发 panhub.shenzjd.com/cf-worker 失败: http2: invalid Host header
2026/08/18 11:21:19 转发 panhub.shenzjd.com/cf-worker 失败: http2: invalid Host header
2026/08/18 11:21:19 转发 panhub.shenzjd.com/cf-worker 失败: http2: invalid Host header
2026/08/18 11:21:20 转发 panhub.shenzjd.com/cf-worker 失败: http2: invalid Host header
2026/08/18 11:21:20 转发 panhub.shenzjd.com/cf-worker 失败: http2: invalid Host header
2026/08/18 11:21:20 转发 panhub.shenzjd.com/cf-worker 失败: http2: invalid Host header
2026/08/18 11:21:21 转发 panhub.shenzjd.com/cf-worker 失败: http2: invalid Host header
2026/08/18 11:21:22 转发 panhub.shenzjd.com/cf-worker 失败: http2: invalid Host header
2026/08/18 11:21:22 转发 panhub.shenzjd.com/cf-worker 失败: http2: invalid Host header
2026/08/18 11:21:23 转发 panhub.shenzjd.com/cf-worker 失败: http2: invalid Host header
2026/08/18 11:21:23 转发 panhub.shenzjd.com/cf-worker 失败: http2: invalid Host header
2026/08/18 11:21:24 转发 panhub.shenzjd.com/cf-worker 失败: http2: invalid Host header
2026/08/18 11:21:24 转发 panhub.shenzjd.com/cf-worker 失败: http2: invalid Host header
2026/08/18 11:21:25 转发 panhub.shenzjd.com/cf-worker 失败: http2: invalid Host header
2026/08/18 11:21:25 转发 panhub.shenzjd.com/cf-worker 失败: http2: invalid Host header
2026/08/18 11:21:25 转发 panhub.shenzjd.com/cf-worker 失败: http2: invalid Host header
2026/08/18 11:21:26 转发 panhub.shenzjd.com/cf-worker 失败: http2: invalid Host header
2026/08/18 11:21:27 转发 panhub.shenzjd.com/cf-worker 失败: http2: invalid Host header
2026/08/18 11:21:28 转发 panhub.shenzjd.com/cf-worker 失败: http2: invalid Host header
2026/08/18 11:21:28 转发 panhub.shenzjd.com/cf-worker 失败: http2: invalid Host header
2026/08/18 11:21:29 转发 panhub.shenzjd.com/cf-worker 失败: http2: invalid Host header
2026/08/18 11:21:30 转发 panhub.shenzjd.com/cf-worker 失败: http2: invalid Host header
2026/08/18 11:21:30 转发 panhub.shenzjd.com/cf-worker 失败: http2: invalid Host header
2026/08/18 11:21:30 转发 panhub.shenzjd.com/cf-worker 失败: http2: invalid Host header
2026/08/18 11:21:32 转发 panhub.shenzjd.com/cf-worker 失败: http2: invalid Host header
2026/08/18 11:21:32 转发 panhub.shenzjd.com/cf-worker 失败: http2: invalid Host header
2026/08/18 11:21:32 转发 panhub.shenzjd.com/cf-worker 失败: http2: invalid Host header
2026/08/18 11:21:33 转发 panhub.shenzjd.com/cf-worker 失败: http2: invalid Host header
2026/08/18 11:21:33 转发 panhub.shenzjd.com/cf-worker 失败: http2: invalid Host header
2026/08/18 11:21:33 转发 panhub.shenzjd.com/cf-worker 失败: http2: invalid Host header
2026/08/18 11:21:33 转发 panhub.shenzjd.com/cf-worker 失败: http2: invalid Host header
2026/08/18 11:21:35 转发 panhub.shenzjd.com/cf-worker 失败: http2: invalid Host header
2026/08/18 11:21:35 转发 panhub.shenzjd.com/cf-worker 失败: http2: invalid Host header
2026/08/18 11:21:35 转发 panhub.shenzjd.com/cf-worker 失败: http2: invalid Host header
2026/08/18 11:21:36 转发 panhub.shenzjd.com/cf-worker 失败: http2: invalid Host header
2026/08/18 11:21:36 转发 panhub.shenzjd.com/cf-worker 失败: http2: invalid Host header
2026/08/18 11:21:38 转发 panhub.shenzjd.com/cf-worker 失败: http2: invalid Host header
2026/08/18 11:21:38 转发 panhub.shenzjd.com/cf-worker 失败: http2: invalid Host header
2026/08/18 11:21:39 转发 panhub.shenzjd.com/cf-worker 失败: http2: invalid Host header
2026/08/18 11:21:39 转发 panhub.shenzjd.com/cf-worker 失败: http2: invalid Host header
2026/08/18 11:21:40 转发 panhub.shenzjd.com/cf-worker 失败: http2: invalid Host header
2026/08/18 11:21:40 转发 panhub.shenzjd.com/cf-worker 失败: http2: invalid Host header
2026/08/18 11:21:40 转发 panhub.shenzjd.com/cf-worker 失败: http2: invalid Host header
2026/08/18 11:21:40 转发 panhub.shenzjd.com/cf-worker 失败: http2: invalid Host header
2026/08/18 11:21:40 转发 panhub.shenzjd.com/cf-worker 失败: http2: invalid Host header
2026/08/18 11:21:41 转发 panhub.shenzjd.com/cf-worker 失败: http2: invalid Host header
2026/08/18 11:21:42 转发 panhub.shenzjd.com/cf-worker 失败: http2: invalid Host header
2026/08/18 11:21:42 转发 panhub.shenzjd.com/cf-worker 失败: http2: invalid Host header
2026/08/18 11:21:43 转发 panhub.shenzjd.com/cf-worker 失败: http2: invalid Host header
2026/08/18 11:21:43 转发 panhub.shenzjd.com/cf-worker 失败: http2: invalid Host header
2026/08/18 11:21:43 转发 panhub.shenzjd.com/cf-worker 失败: http2: invalid Host header
2026/08/18 11:21:43 转发 panhub.shenzjd.com/cf-worker 失败: http2: invalid Host header
2026/08/18 11:21:45 转发 panhub.shenzjd.com/cf-worker 失败: http2: invalid Host header
2026/08/18 11:21:45 转发 panhub.shenzjd.com/cf-worker 失败: http2: invalid Host header
2026/08/18 11:21:45 转发 panhub.shenzjd.com/cf-worker 失败: http2: invalid Host header
2026/08/18 11:21:46 转发 panhub.shenzjd.com/cf-worker 失败: http2: invalid Host header
2026/08/18 11:21:47 转发 panhub.shenzjd.com/cf-worker 失败: http2: invalid Host header
2026/08/18 11:21:47 转发 panhub.shenzjd.com/cf-worker 失败: http2: invalid Host header
2026/08/18 11:21:48 转发 panhub.shenzjd.com/cf-worker 失败: http2: invalid Host header
2026/08/18 11:21:49 转发 panhub.shenzjd.com/cf-worker 失败: http2: invalid Host header
2026/08/18 11:21:49 转发 panhub.shenzjd.com/cf-worker 失败: http2: invalid Host header
2026/08/18 11:21:50 转发 panhub.shenzjd.com/cf-worker 失败: http2: invalid Host header
2026/08/18 11:21:51 转发 panhub.shenzjd.com/cf-worker 失败: http2: invalid Host header
2026/08/18 11:21:51 转发 panhub.shenzjd.com/cf-worker 失败: http2: invalid Host header
2026/08/18 11:21:51 转发 panhub.shenzjd.com/cf-worker 失败: http2: invalid Host header
2026/08/18 11:21:53 转发 panhub.shenzjd.com/cf-worker 失败: http2: invalid Host header
2026/08/18 11:21:53 转发 panhub.shenzjd.com/cf-worker 失败: http2: invalid Host header
2026/08/18 11:21:53 转发 panhub.shenzjd.com/cf-worker 失败: http2: invalid Host header
2026/08/18 11:21:54 转发 panhub.shenzjd.com/cf-worker 失败: http2: invalid Host header
2026/08/18 11:21:55 转发 panhub.shenzjd.com/cf-worker 失败: http2: invalid Host header
2026/08/18 11:21:55 转发 panhub.shenzjd.com/cf-worker 失败: http2: invalid Host header
2026/08/18 11:21:56 转发 panhub.shenzjd.com/cf-worker 失败: http2: invalid Host header
2026/08/18 11:21:56 转发 panhub.shenzjd.com/cf-worker 失败: http2: invalid Host header
2026/08/18 11:21:57 转发 panhub.shenzjd.com/cf-worker 失败: http2: invalid Host header
2026/08/18 11:21:57 转发 panhub.shenzjd.com/cf-worker 失败: http2: invalid Host header
2026/08/18 11:21:58 转发 panhub.shenzjd.com/cf-worker 失败: http2: invalid Host header
2026/08/18 11:21:58 转发 panhub.shenzjd.com/cf-worker 失败: http2: invalid Host header
2026/08/18 11:21:59 转发 panhub.shenzjd.com/cf-worker 失败: http2: invalid Host header
2026/08/18 11:21:59 转发 panhub.shenzjd.com/cf-worker 失败: http2: invalid Host header
2026/08/18 11:22:00 转发 panhub.shenzjd.com/cf-worker 失败: http2: invalid Host header
2026/08/18 11:22:00 转发 panhub.shenzjd.com/cf-worker 失败: http2: invalid Host header
2026/08/18 11:22:01 转发 panhub.shenzjd.com/cf-worker 失败: http2: invalid Host header
2026/08/18 11:22:02 转发 panhub.shenzjd.com/cf-worker 失败: http2: invalid Host header
2026/08/18 11:22:02 转发 panhub.shenzjd.com/cf-worker 失败: http2: invalid Host header
2026/08/18 11:22:02 转发 panhub.shenzjd.com/cf-worker 失败: http2: invalid Host header
2026/08/18 11:22:03 转发 panhub.shenzjd.com/cf-worker 失败: http2: invalid Host header
2026/08/18 11:22:04 转发 panhub.shenzjd.com/cf-worker 失败: http2: invalid Host header
2026/08/18 11:22:04 转发 panhub.shenzjd.com/cf-worker 失败: http2: invalid Host header
2026/08/18 11:22:04 转发 panhub.shenzjd.com/cf-worker 失败: http2: invalid Host header
2026/08/18 11:22:06 转发 panhub.shenzjd.com/cf-worker 失败: http2: invalid Host header
2026/08/18 11:22:06 转发 panhub.shenzjd.com/cf-worker 失败: http2: invalid Host header
2026/08/18 11:22:07 转发 panhub.shenzjd.com/cf-worker 失败: http2: invalid Host header
2026/08/18 11:22:08 转发 panhub.shenzjd.com/cf-worker 失败: http2: invalid Host header
2026/08/18 11:22:08 转发 panhub.shenzjd.com/cf-worker 失败: http2: invalid Host header
2026/08/18 11:22:08 转发 panhub.shenzjd.com/cf-worker 失败: http2: invalid Host header
2026/08/18 11:22:08 转发 panhub.shenzjd.com/cf-worker 失败: http2: invalid Host header
2026/08/18 11:22:10 转发 panhub.shenzjd.com/cf-worker 失败: http2: invalid Host header
2026/08/18 11:22:10 转发 panhub.shenzjd.com/cf-worker 失败: http2: invalid Host header
2026/08/18 11:22:11 转发 panhub.shenzjd.com/cf-worker 失败: http2: invalid Host header
2026/08/18 11:22:11 转发 panhub.shenzjd.com/cf-worker 失败: http2: invalid Host header
2026/08/18 11:22:13 转发 panhub.shenzjd.com/cf-worker 失败: http2: invalid Host header
2026/08/18 11:22:13 转发 panhub.shenzjd.com/cf-worker 失败: http2: invalid Host header
2026/08/18 11:22:13 转发 panhub.shenzjd.com/cf-worker 失败: http2: invalid Host header
2026/08/18 11:22:15 转发 panhub.shenzjd.com/cf-worker 失败: http2: invalid Host header
2026/08/18 11:22:15 转发 panhub.shenzjd.com/cf-worker 失败: http2: invalid Host header
2026/08/18 11:22:15 转发 panhub.shenzjd.com/cf-worker 失败: http2: invalid Host header
2026/08/18 11:22:16 转发 panhub.shenzjd.com/cf-worker 失败: http2: invalid Host header
2026/08/18 11:22:17 转发 panhub.shenzjd.com/cf-worker 失败: http2: invalid Host header
2026/08/18 11:22:17 转发 panhub.shenzjd.com/cf-worker 失败: http2: invalid Host header
2026/08/18 11:22:18 转发 panhub.shenzjd.com/cf-worker 失败: http2: invalid Host header
2026/08/18 11:22:18 转发 panhub.shenzjd.com/cf-worker 失败: http2: invalid Host header
2026/08/18 11:22:19 转发 panhub.shenzjd.com/cf-worker 失败: http2: invalid Host header
2026/08/18 11:22:19 转发 panhub.shenzjd.com/cf-worker 失败: http2: invalid Host header
2026/08/18 11:22:20 转发 panhub.shenzjd.com/cf-worker 失败: http2: invalid Host header
2026/08/18 11:22:21 转发 panhub.shenzjd.com/cf-worker 失败: http2: invalid Host header
2026/08/18 11:22:21 转发 panhub.shenzjd.com/cf-worker 失败: http2: invalid Host header
2026/08/18 11:22:21 转发 panhub.shenzjd.com/cf-worker 失败: http2: invalid Host header
2026/08/18 11:22:22 转发 panhub.shenzjd.com/cf-worker 失败: http2: invalid Host header
2026/08/18 11:22:22 转发 panhub.shenzjd.com/cf-worker 失败: http2: invalid Host header
2026/08/18 11:22:23 转发 panhub.shenzjd.com/cf-worker 失败: http2: invalid Host header
2026/08/18 11:22:23 转发 panhub.shenzjd.com/cf-worker 失败: http2: invalid Host header
2026/08/18 11:22:24 转发 panhub.shenzjd.com/cf-worker 失败: http2: invalid Host header
2026/08/18 11:22:24 转发 panhub.shenzjd.com/cf-worker 失败: http2: invalid Host header
2026/08/18 11:22:25 转发 panhub.shenzjd.com/cf-worker 失败: http2: invalid Host header
2026/08/18 11:22:25 转发 panhub.shenzjd.com/cf-worker 失败: http2: invalid Host header
2026/08/18 11:22:26 转发 panhub.shenzjd.com/cf-worker 失败: http2: invalid Host header
2026/08/18 11:22:27 转发 panhub.shenzjd.com/cf-worker 失败: http2: invalid Host header
2026/08/18 11:22:27 转发 panhub.shenzjd.com/cf-worker 失败: http2: invalid Host header
2026/08/18 11:22:28 转发 panhub.shenzjd.com/cf-worker 失败: http2: invalid Host header
2026/08/18 11:22:28 转发 panhub.shenzjd.com/cf-worker 失败: http2: invalid Host header
2026/08/18 11:22:28 转发 panhub.shenzjd.com/cf-worker 失败: http2: invalid Host header
2026/08/18 11:22:30 转发 panhub.shenzjd.com/cf-worker 失败: http2: invalid Host header
2026/08/18 11:22:30 转发 panhub.shenzjd.com/cf-worker 失败: http2: invalid Host header
2026/08/18 11:22:30 转发 panhub.shenzjd.com/cf-worker 失败: http2: invalid Host header
2026/08/18 11:22:32 转发 panhub.shenzjd.com/cf-worker 失败: http2: invalid Host header
2026/08/18 11:22:32 转发 panhub.shenzjd.com/cf-worker 失败: http2: invalid Host header
2026/08/18 11:22:32 转发 panhub.shenzjd.com/cf-worker 失败: http2: invalid Host header
2026/08/18 11:22:32 转发 panhub.shenzjd.com/cf-worker 失败: http2: invalid Host header
2026/08/18 11:22:33 转发 panhub.shenzjd.com/cf-worker 失败: http2: invalid Host header
2026/08/18 11:22:33 转发 panhub.shenzjd.com/cf-worker 失败: http2: invalid Host header
2026/08/18 11:22:34 转发 panhub.shenzjd.com/cf-worker 失败: http2: invalid Host header
2026/08/18 11:22:35 转发 panhub.shenzjd.com/cf-worker 失败: http2: invalid Host header
2026/08/18 11:22:35 转发 panhub.shenzjd.com/cf-worker 失败: http2: invalid Host header
2026/08/18 11:22:36 转发 panhub.shenzjd.com/cf-worker 失败: http2: invalid Host header
2026/08/18 11:22:37 转发 panhub.shenzjd.com/cf-worker 失败: http2: invalid Host header
2026/08/18 11:22:37 转发 panhub.shenzjd.com/cf-worker 失败: http2: invalid Host header
2026/08/18 11:22:38 转发 panhub.shenzjd.com/cf-worker 失败: http2: invalid Host header
2026/08/18 11:22:38 转发 panhub.shenzjd.com/cf-worker 失败: http2: invalid Host header
2026/08/18 11:22:39 转发 panhub.shenzjd.com/cf-worker 失败: http2: invalid Host header
2026/08/18 11:22:40 转发 panhub.shenzjd.com/cf-worker 失败: http2: invalid Host header
2026/08/18 11:22:40 转发 panhub.shenzjd.com/cf-worker 失败: http2: invalid Host header
2026/08/18 11:22:41 转发 panhub.shenzjd.com/cf-worker 失败: http2: invalid Host header
2026/08/18 11:22:42 转发 panhub.shenzjd.com/cf-worker 失败: http2: invalid Host header
2026/08/18 11:22:42 转发 panhub.shenzjd.com/cf-worker 失败: http2: invalid Host header
2026/08/18 11:22:43 转发 panhub.shenzjd.com/cf-worker 失败: http2: invalid Host header
2026/08/18 11:22:43 转发 panhub.shenzjd.com/cf-worker 失败: http2: invalid Host header
2026/08/18 11:22:43 转发 panhub.shenzjd.com/cf-worker 失败: http2: invalid Host header
2026/08/18 11:22:44 转发 panhub.shenzjd.com/cf-worker 失败: http2: invalid Host header
2026/08/18 11:22:44 转发 panhub.shenzjd.com/cf-worker 失败: http2: invalid Host header
2026/08/18 11:22:45 转发 panhub.shenzjd.com/cf-worker 失败: http2: invalid Host header
2026/08/18 11:22:45 转发 panhub.shenzjd.com/cf-worker 失败: http2: invalid Host header
2026/08/18 11:22:46 转发 panhub.shenzjd.com/cf-worker 失败: http2: invalid Host header
2026/08/18 11:22:46 转发 panhub.shenzjd.com/cf-worker 失败: http2: invalid Host header
2026/08/18 11:22:46 转发 panhub.shenzjd.com/cf-worker 失败: http2: invalid Host header
2026/08/18 11:22:48 转发 panhub.shenzjd.com/cf-worker 失败: http2: invalid Host header
2026/08/18 11:22:48 转发 panhub.shenzjd.com/cf-worker 失败: http2: invalid Host header
2026/08/18 11:22:49 转发 panhub.shenzjd.com/cf-worker 失败: http2: invalid Host header
2026/08/18 11:22:49 转发 panhub.shenzjd.com/cf-worker 失败: http2: invalid Host header
2026/08/18 11:22:50 转发 panhub.shenzjd.com/cf-worker 失败: http2: invalid Host header
2026/08/18 11:22:50 转发 panhub.shenzjd.com/cf-worker 失败: http2: invalid Host header
2026/08/18 11:22:51 转发 panhub.shenzjd.com/cf-worker 失败: http2: invalid Host header
2026/08/18 11:22:51 转发 panhub.shenzjd.com/cf-worker 失败: http2: invalid Host header
2026/08/18 11:22:52 转发 panhub.shenzjd.com/cf-worker 失败: http2: invalid Host header
2026/08/18 11:22:52 转发 panhub.shenzjd.com/cf-worker 失败: http2: invalid Host header
2026/08/18 11:22:53 转发 panhub.shenzjd.com/cf-worker 失败: http2: invalid Host header
2026/08/18 11:22:53 转发 panhub.shenzjd.com/cf-worker 失败: http2: invalid Host header
2026/08/18 11:22:54 转发 panhub.shenzjd.com/cf-worker 失败: http2: invalid Host header
2026/08/18 11:22:54 转发 panhub.shenzjd.com/cf-worker 失败: http2: invalid Host header
2026/08/18 11:22:54 转发 panhub.shenzjd.com/cf-worker 失败: http2: invalid Host header
2026/08/18 11:22:54 转发 panhub.shenzjd.com/cf-worker 失败: http2: invalid Host header
2026/08/18 11:22:56 转发 panhub.shenzjd.com/cf-worker 失败: http2: invalid Host header
2026/08/18 11:22:56 转发 panhub.shenzjd.com/cf-worker 失败: http2: invalid Host header
2026/08/18 11:22:56 转发 panhub.shenzjd.com/cf-worker 失败: http2: invalid Host header
2026/08/18 11:22:57 转发 panhub.shenzjd.com/cf-worker 失败: http2: invalid Host header
2026/08/18 11:22:57 转发 panhub.shenzjd.com/cf-worker 失败: http2: invalid Host header
2026/08/18 11:22:58 转发 panhub.shenzjd.com/cf-worker 失败: http2: invalid Host header
2026/08/18 11:22:58 转发 panhub.shenzjd.com/cf-worker 失败: http2: invalid Host header
2026/08/18 11:22:59 转发 panhub.shenzjd.com/cf-worker 失败: http2: invalid Host header
